Created by PLY version 3.11 (http://www.dabeaz.com/ply)

Grammar

Rule 0     S' -> command
Rule 1     command -> action COORDINATE
Rule 2     command -> COMENZAR
Rule 3     command -> ABRIR_TABLERO_PROPIO
Rule 4     command -> ABRIR_TABLERO_ENEMIGO
Rule 5     command -> CAMBIO
Rule 6     action -> ATACAR
Rule 7     action -> DEFENDER
Rule 8     action -> ESCANEAR

Terminals, with rules where they appear

ABRIR_TABLERO_ENEMIGO : 4
ABRIR_TABLERO_PROPIO : 3
ATACAR               : 6
CAMBIO               : 5
COMENZAR             : 2
COORDINATE           : 1
DEFENDER             : 7
ESCANEAR             : 8
error                : 

Nonterminals, with rules where they appear

action               : 1
command              : 0

Parsing method: LALR

state 0

    (0) S' -> . command
    (1) command -> . action COORDINATE
    (2) command -> . COMENZAR
    (3) command -> . ABRIR_TABLERO_PROPIO
    (4) command -> . ABRIR_TABLERO_ENEMIGO
    (5) command -> . CAMBIO
    (6) action -> . ATACAR
    (7) action -> . DEFENDER
    (8) action -> . ESCANEAR

    COMENZAR        shift and go to state 3
    ABRIR_TABLERO_PROPIO shift and go to state 4
    ABRIR_TABLERO_ENEMIGO shift and go to state 5
    CAMBIO          shift and go to state 6
    ATACAR          shift and go to state 7
    DEFENDER        shift and go to state 8
    ESCANEAR        shift and go to state 9

    command                        shift and go to state 1
    action                         shift and go to state 2

state 1

    (0) S' -> command .



state 2

    (1) command -> action . COORDINATE

    COORDINATE      shift and go to state 10


state 3

    (2) command -> COMENZAR .

    $end            reduce using rule 2 (command -> COMENZAR .)


state 4

    (3) command -> ABRIR_TABLERO_PROPIO .

    $end            reduce using rule 3 (command -> ABRIR_TABLERO_PROPIO .)


state 5

    (4) command -> ABRIR_TABLERO_ENEMIGO .

    $end            reduce using rule 4 (command -> ABRIR_TABLERO_ENEMIGO .)


state 6

    (5) command -> CAMBIO .

    $end            reduce using rule 5 (command -> CAMBIO .)


state 7

    (6) action -> ATACAR .

    COORDINATE      reduce using rule 6 (action -> ATACAR .)


state 8

    (7) action -> DEFENDER .

    COORDINATE      reduce using rule 7 (action -> DEFENDER .)


state 9

    (8) action -> ESCANEAR .

    COORDINATE      reduce using rule 8 (action -> ESCANEAR .)


state 10

    (1) command -> action COORDINATE .

    $end            reduce using rule 1 (command -> action COORDINATE .)

